Archive member included to satisfy reference by file (symbol)

c:/st/stm32cubeide_1.3.0/stm32cubeide/plugins/com.st.stm32cube.ide.mcu.externaltools.gnu-tools-for-stm32.7-2018-q2-update.win32_1.0.0.201904181610/tools/bin/../lib/gcc/arm-none-eabi/7.3.1/../../../../arm-none-eabi/lib/thumb/v7-m\libc_nano.a(lib_a-errno.o)
                              Core/Src/syscalls.o (__errno)
c:/st/stm32cubeide_1.3.0/stm32cubeide/plugins/com.st.stm32cube.ide.mcu.externaltools.gnu-tools-for-stm32.7-2018-q2-update.win32_1.0.0.201904181610/tools/bin/../lib/gcc/arm-none-eabi/7.3.1/../../../../arm-none-eabi/lib/thumb/v7-m\libc_nano.a(lib_a-exit.o)
                              c:/st/stm32cubeide_1.3.0/stm32cubeide/plugins/com.st.stm32cube.ide.mcu.externaltools.gnu-tools-for-stm32.7-2018-q2-update.win32_1.0.0.201904181610/tools/bin/../lib/gcc/arm-none-eabi/7.3.1/../../../../arm-none-eabi/lib/thumb/v7-m/crt0.o (exit)
c:/st/stm32cubeide_1.3.0/stm32cubeide/plugins/com.st.stm32cube.ide.mcu.externaltools.gnu-tools-for-stm32.7-2018-q2-update.win32_1.0.0.201904181610/tools/bin/../lib/gcc/arm-none-eabi/7.3.1/../../../../arm-none-eabi/lib/thumb/v7-m\libc_nano.a(lib_a-impure.o)
                              c:/st/stm32cubeide_1.3.0/stm32cubeide/plugins/com.st.stm32cube.ide.mcu.externaltools.gnu-tools-for-stm32.7-2018-q2-update.win32_1.0.0.201904181610/tools/bin/../lib/gcc/arm-none-eabi/7.3.1/../../../../arm-none-eabi/lib/thumb/v7-m\libc_nano.a(lib_a-exit.o) (_global_impure_ptr)
c:/st/stm32cubeide_1.3.0/stm32cubeide/plugins/com.st.stm32cube.ide.mcu.externaltools.gnu-tools-for-stm32.7-2018-q2-update.win32_1.0.0.201904181610/tools/bin/../lib/gcc/arm-none-eabi/7.3.1/../../../../arm-none-eabi/lib/thumb/v7-m\libc_nano.a(lib_a-init.o)
                              c:/st/stm32cubeide_1.3.0/stm32cubeide/plugins/com.st.stm32cube.ide.mcu.externaltools.gnu-tools-for-stm32.7-2018-q2-update.win32_1.0.0.201904181610/tools/bin/../lib/gcc/arm-none-eabi/7.3.1/../../../../arm-none-eabi/lib/thumb/v7-m/crt0.o (__libc_init_array)
c:/st/stm32cubeide_1.3.0/stm32cubeide/plugins/com.st.stm32cube.ide.mcu.externaltools.gnu-tools-for-stm32.7-2018-q2-update.win32_1.0.0.201904181610/tools/bin/../lib/gcc/arm-none-eabi/7.3.1/../../../../arm-none-eabi/lib/thumb/v7-m\libc_nano.a(lib_a-memset.o)
                              c:/st/stm32cubeide_1.3.0/stm32cubeide/plugins/com.st.stm32cube.ide.mcu.externaltools.gnu-tools-for-stm32.7-2018-q2-update.win32_1.0.0.201904181610/tools/bin/../lib/gcc/arm-none-eabi/7.3.1/../../../../arm-none-eabi/lib/thumb/v7-m/crt0.o (memset)

Discarded input sections

 .text          0x0000000000000000        0x0 c:/st/stm32cubeide_1.3.0/stm32cubeide/plugins/com.st.stm32cube.ide.mcu.externaltools.gnu-tools-for-stm32.7-2018-q2-update.win32_1.0.0.201904181610/tools/bin/../lib/gcc/arm-none-eabi/7.3.1/thumb/v7-m/crti.o
 .data          0x0000000000000000        0x0 c:/st/stm32cubeide_1.3.0/stm32cubeide/plugins/com.st.stm32cube.ide.mcu.externaltools.gnu-tools-for-stm32.7-2018-q2-update.win32_1.0.0.201904181610/tools/bin/../lib/gcc/arm-none-eabi/7.3.1/thumb/v7-m/crti.o
 .bss           0x0000000000000000        0x0 c:/st/stm32cubeide_1.3.0/stm32cubeide/plugins/com.st.stm32cube.ide.mcu.externaltools.gnu-tools-for-stm32.7-2018-q2-update.win32_1.0.0.201904181610/tools/bin/../lib/gcc/arm-none-eabi/7.3.1/thumb/v7-m/crti.o
 .data          0x0000000000000000        0x4 c:/st/stm32cubeide_1.3.0/stm32cubeide/plugins/com.st.stm32cube.ide.mcu.externaltools.gnu-tools-for-stm32.7-2018-q2-update.win32_1.0.0.201904181610/tools/bin/../lib/gcc/arm-none-eabi/7.3.1/thumb/v7-m/crtbegin.o
 .text          0x0000000000000000       0x74 c:/st/stm32cubeide_1.3.0/stm32cubeide/plugins/com.st.stm32cube.ide.mcu.externaltools.gnu-tools-for-stm32.7-2018-q2-update.win32_1.0.0.201904181610/tools/bin/../lib/gcc/arm-none-eabi/7.3.1/../../../../arm-none-eabi/lib/thumb/v7-m/crt0.o
 .data          0x0000000000000000        0x0 c:/st/stm32cubeide_1.3.0/stm32cubeide/plugins/com.st.stm32cube.ide.mcu.externaltools.gnu-tools-for-stm32.7-2018-q2-update.win32_1.0.0.201904181610/tools/bin/../lib/gcc/arm-none-eabi/7.3.1/../../../../arm-none-eabi/lib/thumb/v7-m/crt0.o
 .bss           0x0000000000000000        0x0 c:/st/stm32cubeide_1.3.0/stm32cubeide/plugins/com.st.stm32cube.ide.mcu.externaltools.gnu-tools-for-stm32.7-2018-q2-update.win32_1.0.0.201904181610/tools/bin/../lib/gcc/arm-none-eabi/7.3.1/../../../../arm-none-eabi/lib/thumb/v7-m/crt0.o
 .ARM.extab     0x0000000000000000        0x0 c:/st/stm32cubeide_1.3.0/stm32cubeide/plugins/com.st.stm32cube.ide.mcu.externaltools.gnu-tools-for-stm32.7-2018-q2-update.win32_1.0.0.201904181610/tools/bin/../lib/gcc/arm-none-eabi/7.3.1/../../../../arm-none-eabi/lib/thumb/v7-m/crt0.o
 .ARM.exidx     0x0000000000000000        0x8 c:/st/stm32cubeide_1.3.0/stm32cubeide/plugins/com.st.stm32cube.ide.mcu.externaltools.gnu-tools-for-stm32.7-2018-q2-update.win32_1.0.0.201904181610/tools/bin/../lib/gcc/arm-none-eabi/7.3.1/../../../../arm-none-eabi/lib/thumb/v7-m/crt0.o
[...]
Memory Configuration

Name             Origin             Length             Attributes
RAM              0x0000000020000000 0x0000000000005000 xrw
FLASH            0x0000000008000000 0x0000000000020000 xr
*default*        0x0000000000000000 0xffffffffffffffff

Linker script and memory map

LOAD c:/st/stm32cubeide_1.3.0/stm32cubeide/plugins/com.st.stm32cube.ide.mcu.externaltools.gnu-tools-for-stm32.7-2018-q2-update.win32_1.0.0.201904181610/tools/bin/../lib/gcc/arm-none-eabi/7.3.1/thumb/v7-m/crti.o
LOAD c:/st/stm32cubeide_1.3.0/stm32cubeide/plugins/com.st.stm32cube.ide.mcu.externaltools.gnu-tools-for-stm32.7-2018-q2-update.win32_1.0.0.201904181610/tools/bin/../lib/gcc/arm-none-eabi/7.3.1/thumb/v7-m/crtbegin.o
LOAD c:/st/stm32cubeide_1.3.0/stm32cubeide/plugins/com.st.stm32cube.ide.mcu.externaltools.gnu-tools-for-stm32.7-2018-q2-update.win32_1.0.0.201904181610/tools/bin/../lib/gcc/arm-none-eabi/7.3.1/../../../../arm-none-eabi/lib/thumb/v7-m/crt0.o
LOAD Core/Src/gpio.o
LOAD Core/Src/i2c.o
LOAD Core/Src/main.o
LOAD Core/Src/stm32f1xx_it.o
LOAD Core/Src/syscalls.o
LOAD Core/Src/sysmem.o
LOAD Core/Src/system_stm32f1xx.o
LOAD Core/Src/tim.o
LOAD Core/Src/user_lsd_2004.o
LOAD Core/Startup/startup_stm32f103rbtx.o
LOAD Drivers/STM32F1xx_HAL_Driver/Src/stm32f1xx_ll_dma.o
LOAD Drivers/STM32F1xx_HAL_Driver/Src/stm32f1xx_ll_exti.o
LOAD Drivers/STM32F1xx_HAL_Driver/Src/stm32f1xx_ll_gpio.o
LOAD Drivers/STM32F1xx_HAL_Driver/Src/stm32f1xx_ll_i2c.o
LOAD Drivers/STM32F1xx_HAL_Driver/Src/stm32f1xx_ll_pwr.o
LOAD Drivers/STM32F1xx_HAL_Driver/Src/stm32f1xx_ll_rcc.o
LOAD Drivers/STM32F1xx_HAL_Driver/Src/stm32f1xx_ll_tim.o
LOAD Drivers/STM32F1xx_HAL_Driver/Src/stm32f1xx_ll_utils.o
START GROUP
LOAD c:/st/stm32cubeide_1.3.0/stm32cubeide/plugins/com.st.stm32cube.ide.mcu.externaltools.gnu-tools-for-stm32.7-2018-q2-update.win32_1.0.0.201904181610/tools/bin/../lib/gcc/arm-none-eabi/7.3.1/../../../../arm-none-eabi/lib/thumb/v7-m\libc_nano.a
LOAD c:/st/stm32cubeide_1.3.0/stm32cubeide/plugins/com.st.stm32cube.ide.mcu.externaltools.gnu-tools-for-stm32.7-2018-q2-update.win32_1.0.0.201904181610/tools/bin/../lib/gcc/arm-none-eabi/7.3.1/../../../../arm-none-eabi/lib/thumb/v7-m\libm.a
END GROUP
START GROUP
LOAD c:/st/stm32cubeide_1.3.0/stm32cubeide/plugins/com.st.stm32cube.ide.mcu.externaltools.gnu-tools-for-stm32.7-2018-q2-update.win32_1.0.0.201904181610/tools/bin/../lib/gcc/arm-none-eabi/7.3.1/thumb/v7-m\libgcc.a
LOAD c:/st/stm32cubeide_1.3.0/stm32cubeide/plugins/com.st.stm32cube.ide.mcu.externaltools.gnu-tools-for-stm32.7-2018-q2-update.win32_1.0.0.201904181610/tools/bin/../lib/gcc/arm-none-eabi/7.3.1/../../../../arm-none-eabi/lib/thumb/v7-m\libc_nano.a
END GROUP
START GROUP
LOAD c:/st/stm32cubeide_1.3.0/stm32cubeide/plugins/com.st.stm32cube.ide.mcu.externaltools.gnu-tools-for-stm32.7-2018-q2-update.win32_1.0.0.201904181610/tools/bin/../lib/gcc/arm-none-eabi/7.3.1/thumb/v7-m\libgcc.a
LOAD c:/st/stm32cubeide_1.3.0/stm32cubeide/plugins/com.st.stm32cube.ide.mcu.externaltools.gnu-tools-for-stm32.7-2018-q2-update.win32_1.0.0.201904181610/tools/bin/../lib/gcc/arm-none-eabi/7.3.1/../../../../arm-none-eabi/lib/thumb/v7-m\libc_nano.a
LOAD c:/st/stm32cubeide_1.3.0/stm32cubeide/plugins/com.st.stm32cube.ide.mcu.externaltools.gnu-tools-for-stm32.7-2018-q2-update.win32_1.0.0.201904181610/tools/bin/../lib/gcc/arm-none-eabi/7.3.1/../../../../arm-none-eabi/lib/thumb/v7-m\libnosys.a
END GROUP
START GROUP
LOAD c:/st/stm32cubeide_1.3.0/stm32cubeide/plugins/com.st.stm32cube.ide.mcu.externaltools.gnu-tools-for-stm32.7-2018-q2-update.win32_1.0.0.201904181610/tools/bin/../lib/gcc/arm-none-eabi/7.3.1/thumb/v7-m\libgcc.a
LOAD c:/st/stm32cubeide_1.3.0/stm32cubeide/plugins/com.st.stm32cube.ide.mcu.externaltools.gnu-tools-for-stm32.7-2018-q2-update.win32_1.0.0.201904181610/tools/bin/../lib/gcc/arm-none-eabi/7.3.1/../../../../arm-none-eabi/lib/thumb/v7-m\libc_nano.a
LOAD c:/st/stm32cubeide_1.3.0/stm32cubeide/plugins/com.st.stm32cube.ide.mcu.externaltools.gnu-tools-for-stm32.7-2018-q2-update.win32_1.0.0.201904181610/tools/bin/../lib/gcc/arm-none-eabi/7.3.1/../../../../arm-none-eabi/lib/thumb/v7-m\libnosys.a
END GROUP
LOAD c:/st/stm32cubeide_1.3.0/stm32cubeide/plugins/com.st.stm32cube.ide.mcu.externaltools.gnu-tools-for-stm32.7-2018-q2-update.win32_1.0.0.201904181610/tools/bin/../lib/gcc/arm-none-eabi/7.3.1/thumb/v7-m/crtend.o
LOAD c:/st/stm32cubeide_1.3.0/stm32cubeide/plugins/com.st.stm32cube.ide.mcu.externaltools.gnu-tools-for-stm32.7-2018-q2-update.win32_1.0.0.201904181610/tools/bin/../lib/gcc/arm-none-eabi/7.3.1/thumb/v7-m/crtn.o
                0x0000000020005000                _estack = (ORIGIN (RAM) + LENGTH (RAM))
                0x0000000000000200                _Min_Heap_Size = 0x200
                0x0000000000000400                _Min_Stack_Size = 0x400

.isr_vector     0x0000000008000000      0x10c
                0x0000000008000000                . = ALIGN (0x4)
 *(.isr_vector)
 .isr_vector    0x0000000008000000      0x10c Core/Startup/startup_stm32f103rbtx.o
                0x0000000008000000                g_pfnVectors
                0x000000000800010c                . = ALIGN (0x4)

.text           0x000000000800010c     0x14a0
                0x000000000800010c                . = ALIGN (0x4)
 *(.text)
 .text          0x000000000800010c       0x40 c:/st/stm32cubeide_1.3.0/stm32cubeide/plugins/com.st.stm32cube.ide.mcu.externaltools.gnu-tools-for-stm32.7-2018-q2-update.win32_1.0.0.201904181610/tools/bin/../lib/gcc/arm-none-eabi/7.3.1/thumb/v7-m/crtbegin.o
 *(.text*)
 .text.LL_APB2_GRP1_EnableClock
                0x000000000800014c       0x30 Core/Src/gpio.o
 .text.LL_GPIO_ResetOutputPin
                0x000000000800017c       0x1e Core/Src/gpio.o
 *fill*         0x000000000800019a        0x2 
 .text.MX_GPIO_Init
                0x000000000800019c       0x58 Core/Src/gpio.o
                0x000000000800019c                MX_GPIO_Init
 .text.LL_I2C_EnableClockStretching
                0x00000000080001f4       0x1e Core/Src/i2c.o
 .text.LL_I2C_DisableGeneralCall
                0x0000000008000212       0x1e Core/Src/i2c.o
 .text.LL_I2C_SetOwnAddress2
                0x0000000008000230       0x24 Core/Src/i2c.o
 .text.LL_I2C_DisableOwnAddress2
                0x0000000008000254       0x1e Core/Src/i2c.o
 .text.LL_I2C_IsActiveFlag_TXE
                0x0000000008000272       0x24 Core/Src/i2c.o
 .text.LL_I2C_IsActiveFlag_SB
                0x0000000008000296       0x24 Core/Src/i2c.o
 .text.LL_I2C_IsActiveFlag_ADDR
                0x00000000080002ba       0x24 Core/Src/i2c.o
 .text.LL_I2C_ClearFlag_ADDR
                0x00000000080002de       0x22 Core/Src/i2c.o
 .text.LL_I2C_AcknowledgeNextData
                0x0000000008000300       0x24 Core/Src/i2c.o
 .text.LL_I2C_GenerateStartCondition
                0x0000000008000324       0x1e Core/Src/i2c.o
 .text.LL_I2C_GenerateStopCondition
                0x0000000008000342       0x1e Core/Src/i2c.o
 .text.LL_I2C_TransmitData8
                0x0000000008000360       0x26 Core/Src/i2c.o
 *fill*         0x0000000008000386        0x2 
 .text.LL_APB1_GRP1_EnableClock
                0x0000000008000388       0x30 Core/Src/i2c.o
 .text.LL_APB2_GRP1_EnableClock
                0x00000000080003b8       0x30 Core/Src/i2c.o
 .text.MX_I2C1_Init
                0x00000000080003e8       0xa8 Core/Src/i2c.o
                0x00000000080003e8                MX_I2C1_Init
 .text.I2C_TransmitData
                0x0000000008000490       0x78 Core/Src/i2c.o
                0x0000000008000490                I2C_TransmitData
 .text.__NVIC_SetPriorityGrouping
                0x0000000008000508       0x48 Core/Src/main.o
 .text.LL_RCC_HSE_EnableBypass
                0x0000000008000550       0x1c Core/Src/main.o
 .text.LL_RCC_HSE_Enable
                0x000000000800056c       0x1c Core/Src/main.o
 .text.LL_RCC_HSE_IsReady
                0x0000000008000588       0x24 Core/Src/main.o
 .text.LL_RCC_SetSysClkSource
                0x00000000080005ac       0x28 Core/Src/main.o
 .text.LL_RCC_GetSysClkSource
                0x00000000080005d4       0x18 Core/Src/main.o
 .text.LL_RCC_SetAHBPrescaler
                0x00000000080005ec       0x28 Core/Src/main.o
 .text.LL_RCC_SetAPB1Prescaler
                0x0000000008000614       0x28 Core/Src/main.o
 .text.LL_RCC_SetAPB2Prescaler
                0x000000000800063c       0x28 Core/Src/main.o
 .text.LL_RCC_PLL_Enable
                0x0000000008000664       0x1c Core/Src/main.o
 .text.LL_RCC_PLL_IsReady
                0x0000000008000680       0x24 Core/Src/main.o
 .text.LL_RCC_PLL_ConfigDomain_SYS
                0x00000000080006a4       0x30 Core/Src/main.o
 .text.LL_APB1_GRP1_EnableClock
                0x00000000080006d4       0x30 Core/Src/main.o
 .text.LL_APB2_GRP1_EnableClock
                0x0000000008000704       0x30 Core/Src/main.o
 .text.LL_FLASH_SetLatency
                0x0000000008000734       0x28 Core/Src/main.o
 .text.LL_FLASH_GetLatency
                0x000000000800075c       0x18 Core/Src/main.o
 .text.LL_GPIO_AF_Remap_SWJ_NOJTAG
                0x0000000008000774       0x28 Core/Src/main.o
 .text.main     0x000000000800079c       0x54 Core/Src/main.o
                0x000000000800079c                main
 .text.SystemClock_Config
                0x00000000080007f0       0x84 Core/Src/main.o
                0x00000000080007f0                SystemClock_Config
 .text.Error_Handler
                0x0000000008000874        0xc Core/Src/main.o
                0x0000000008000874                Error_Handler
 .text.NMI_Handler
                0x0000000008000880        0xc Core/Src/stm32f1xx_it.o
                0x0000000008000880                NMI_Handler
 .text.HardFault_Handler
                0x000000000800088c        0x6 Core/Src/stm32f1xx_it.o
                0x000000000800088c                HardFault_Handler
 .text.MemManage_Handler
                0x0000000008000892        0x6 Core/Src/stm32f1xx_it.o
                0x0000000008000892                MemManage_Handler
 .text.BusFault_Handler
                0x0000000008000898        0x6 Core/Src/stm32f1xx_it.o
                0x0000000008000898                BusFault_Handler
 .text.UsageFault_Handler
                0x000000000800089e        0x6 Core/Src/stm32f1xx_it.o
                0x000000000800089e                UsageFault_Handler
 .text.SVC_Handler
                0x00000000080008a4        0xc Core/Src/stm32f1xx_it.o
                0x00000000080008a4                SVC_Handler
 .text.DebugMon_Handler
                0x00000000080008b0        0xc Core/Src/stm32f1xx_it.o
                0x00000000080008b0                DebugMon_Handler
 .text.PendSV_Handler
                0x00000000080008bc        0xc Core/Src/stm32f1xx_it.o
                0x00000000080008bc                PendSV_Handler
 .text.SysTick_Handler
                0x00000000080008c8        0xc Core/Src/stm32f1xx_it.o
                0x00000000080008c8                SysTick_Handler
 .text.SystemInit
                0x00000000080008d4       0x68 Core/Src/system_stm32f1xx.o
                0x00000000080008d4                SystemInit
 .text.LL_APB2_GRP1_EnableClock
                0x000000000800093c       0x30 Core/Src/tim.o
 .text.LL_TIM_SetOnePulseMode
                0x000000000800096c       0x24 Core/Src/tim.o
 .text.LL_TIM_DisableARRPreload
                0x0000000008000990       0x1e Core/Src/tim.o
 .text.LL_TIM_SetClockSource
                0x00000000080009ae       0x28 Core/Src/tim.o
 .text.LL_TIM_SetTriggerOutput
                0x00000000080009d6       0x24 Core/Src/tim.o
 .text.LL_TIM_DisableMasterSlaveMode
                0x00000000080009fa       0x1e Core/Src/tim.o
 .text.MX_TIM1_Init
                0x0000000008000a18       0x6c Core/Src/tim.o
                0x0000000008000a18                MX_TIM1_Init
 .text.TIM1_UIF_Reset
                0x0000000008000a84       0x1c Core/Src/tim.o
                0x0000000008000a84                TIM1_UIF_Reset
 .text.mcDelay  0x0000000008000aa0       0x44 Core/Src/user_lsd_2004.o
                0x0000000008000aa0                mcDelay
 .text.SendByte
                0x0000000008000ae4       0x70 Core/Src/user_lsd_2004.o
                0x0000000008000ae4                SendByte
 .text.SendHalfByte
                0x0000000008000b54       0x60 Core/Src/user_lsd_2004.o
                0x0000000008000b54                SendHalfByte
 .text.LCD_WriteByteByI2C
                0x0000000008000bb4       0x24 Core/Src/user_lsd_2004.o
                0x0000000008000bb4                LCD_WriteByteByI2C
 .text.LCD_String
                0x0000000008000bd8       0x38 Core/Src/user_lsd_2004.o
                0x0000000008000bd8                LCD_String
 .text.LCD_Init
                0x0000000008000c10       0x94 Core/Src/user_lsd_2004.o
                0x0000000008000c10                LCD_Init
 .text.Reset_Handler
                0x0000000008000ca4       0x48 Core/Startup/startup_stm32f103rbtx.o
                0x0000000008000ca4                Reset_Handler
 .text.Default_Handler
                0x0000000008000cec        0x2 Core/Startup/startup_stm32f103rbtx.o
                0x0000000008000cec                RTC_Alarm_IRQHandler
                0x0000000008000cec                EXTI2_IRQHandler
                0x0000000008000cec                TIM1_CC_IRQHandler
                0x0000000008000cec                PVD_IRQHandler
                0x0000000008000cec                EXTI3_IRQHandler
                0x0000000008000cec                EXTI0_IRQHandler
                0x0000000008000cec                I2C2_EV_IRQHandler
                0x0000000008000cec                ADC1_2_IRQHandler
                0x0000000008000cec                SPI1_IRQHandler
                0x0000000008000cec                TAMPER_IRQHandler
                0x0000000008000cec                DMA1_Channel4_IRQHandler
                0x0000000008000cec                USART3_IRQHandler
                0x0000000008000cec                RTC_IRQHandler
                0x0000000008000cec                DMA1_Channel7_IRQHandler
                0x0000000008000cec                CAN1_RX1_IRQHandler
                0x0000000008000cec                TIM4_IRQHandler
                0x0000000008000cec                I2C1_EV_IRQHandler
                0x0000000008000cec                DMA1_Channel6_IRQHandler
                0x0000000008000cec                TIM3_IRQHandler
                0x0000000008000cec                RCC_IRQHandler
                0x0000000008000cec                TIM1_TRG_COM_IRQHandler
                0x0000000008000cec                DMA1_Channel1_IRQHandler
                0x0000000008000cec                Default_Handler
                0x0000000008000cec                EXTI15_10_IRQHandler
                0x0000000008000cec                EXTI9_5_IRQHandler
                0x0000000008000cec                SPI2_IRQHandler
                0x0000000008000cec                DMA1_Channel5_IRQHandler
                0x0000000008000cec                EXTI4_IRQHandler
                0x0000000008000cec                USB_LP_CAN1_RX0_IRQHandler
                0x0000000008000cec                USB_HP_CAN1_TX_IRQHandler
                0x0000000008000cec                DMA1_Channel3_IRQHandler
                0x0000000008000cec                TIM1_UP_IRQHandler
                0x0000000008000cec                WWDG_IRQHandler
                0x0000000008000cec                TIM2_IRQHandler
                0x0000000008000cec                TIM1_BRK_IRQHandler
                0x0000000008000cec                EXTI1_IRQHandler
                0x0000000008000cec                USART2_IRQHandler
                0x0000000008000cec                I2C2_ER_IRQHandler
                0x0000000008000cec                DMA1_Channel2_IRQHandler
                0x0000000008000cec                CAN1_SCE_IRQHandler
                0x0000000008000cec                FLASH_IRQHandler
                0x0000000008000cec                USART1_IRQHandler
                0x0000000008000cec                I2C1_ER_IRQHandler
                0x0000000008000cec                USBWakeUp_IRQHandler
 .text.LL_GPIO_SetPinMode
                0x0000000008000cee       0x64 Drivers/STM32F1xx_HAL_Driver/Src/stm32f1xx_ll_gpio.o
 .text.LL_GPIO_SetPinSpeed
                0x0000000008000d52       0x64 Drivers/STM32F1xx_HAL_Driver/Src/stm32f1xx_ll_gpio.o
 .text.LL_GPIO_SetPinOutputType
                0x0000000008000db6       0x64 Drivers/STM32F1xx_HAL_Driver/Src/stm32f1xx_ll_gpio.o
 .text.LL_GPIO_SetPinPull
                0x0000000008000e1a       0x44 Drivers/STM32F1xx_HAL_Driver/Src/stm32f1xx_ll_gpio.o
 .text.LL_GPIO_Init
                0x0000000008000e5e       0xc4 Drivers/STM32F1xx_HAL_Driver/Src/stm32f1xx_ll_gpio.o
                0x0000000008000e5e                LL_GPIO_Init
 .text.LL_I2C_Enable
                0x0000000008000f22       0x1e Drivers/STM32F1xx_HAL_Driver/Src/stm32f1xx_ll_i2c.o
 .text.LL_I2C_Disable
                0x0000000008000f40       0x1e Drivers/STM32F1xx_HAL_Driver/Src/stm32f1xx_ll_i2c.o
 .text.LL_I2C_SetOwnAddress1
                0x0000000008000f5e       0x2e Drivers/STM32F1xx_HAL_Driver/Src/stm32f1xx_ll_i2c.o
 .text.LL_I2C_ConfigSpeed
                0x0000000008000f8c      0x120 Drivers/STM32F1xx_HAL_Driver/Src/stm32f1xx_ll_i2c.o
 .text.LL_I2C_SetMode
                0x00000000080010ac       0x24 Drivers/STM32F1xx_HAL_Driver/Src/stm32f1xx_ll_i2c.o
 .text.LL_I2C_AcknowledgeNextData
                0x00000000080010d0       0x24 Drivers/STM32F1xx_HAL_Driver/Src/stm32f1xx_ll_i2c.o
 .text.LL_I2C_Init
                0x00000000080010f4       0x62 Drivers/STM32F1xx_HAL_Driver/Src/stm32f1xx_ll_i2c.o
                0x00000000080010f4                LL_I2C_Init
 *fill*         0x0000000008001156        0x2 
 .text.LL_RCC_GetSysClkSource
                0x0000000008001158       0x18 Drivers/STM32F1xx_HAL_Driver/Src/stm32f1xx_ll_rcc.o
 .text.LL_RCC_GetAHBPrescaler
                0x0000000008001170       0x18 Drivers/STM32F1xx_HAL_Driver/Src/stm32f1xx_ll_rcc.o
 .text.LL_RCC_GetAPB1Prescaler
                0x0000000008001188       0x18 Drivers/STM32F1xx_HAL_Driver/Src/stm32f1xx_ll_rcc.o
 .text.LL_RCC_GetAPB2Prescaler
                0x00000000080011a0       0x18 Drivers/STM32F1xx_HAL_Driver/Src/stm32f1xx_ll_rcc.o
 .text.LL_RCC_PLL_GetMainSource
                0x00000000080011b8       0x18 Drivers/STM32F1xx_HAL_Driver/Src/stm32f1xx_ll_rcc.o
 .text.LL_RCC_PLL_GetMultiplicator
                0x00000000080011d0       0x18 Drivers/STM32F1xx_HAL_Driver/Src/stm32f1xx_ll_rcc.o
 .text.LL_RCC_PLL_GetPrediv
                0x00000000080011e8       0x1c Drivers/STM32F1xx_HAL_Driver/Src/stm32f1xx_ll_rcc.o
 .text.LL_RCC_GetSystemClocksFreq
                0x0000000008001204       0x4a Drivers/STM32F1xx_HAL_Driver/Src/stm32f1xx_ll_rcc.o
                0x0000000008001204                LL_RCC_GetSystemClocksFreq
 *fill*         0x000000000800124e        0x2 
 .text.RCC_GetSystemClockFreq
                0x0000000008001250       0x44 Drivers/STM32F1xx_HAL_Driver/Src/stm32f1xx_ll_rcc.o
                0x0000000008001250                RCC_GetSystemClockFreq
 .text.RCC_GetHCLKClockFreq
                0x0000000008001294       0x2c Drivers/STM32F1xx_HAL_Driver/Src/stm32f1xx_ll_rcc.o
                0x0000000008001294                RCC_GetHCLKClockFreq
 .text.RCC_GetPCLK1ClockFreq
                0x00000000080012c0       0x28 Drivers/STM32F1xx_HAL_Driver/Src/stm32f1xx_ll_rcc.o
                0x00000000080012c0                RCC_GetPCLK1ClockFreq
 .text.RCC_GetPCLK2ClockFreq
                0x00000000080012e8       0x28 Drivers/STM32F1xx_HAL_Driver/Src/stm32f1xx_ll_rcc.o
                0x00000000080012e8                RCC_GetPCLK2ClockFreq
 .text.RCC_PLL_GetFreqDomain_SYS
                0x0000000008001310       0x60 Drivers/STM32F1xx_HAL_Driver/Src/stm32f1xx_ll_rcc.o
                0x0000000008001310                RCC_PLL_GetFreqDomain_SYS
 .text.LL_TIM_SetPrescaler
                0x0000000008001370       0x1a Drivers/STM32F1xx_HAL_Driver/Src/stm32f1xx_ll_tim.o
 .text.LL_TIM_SetAutoReload
                0x000000000800138a       0x1a Drivers/STM32F1xx_HAL_Driver/Src/stm32f1xx_ll_tim.o
 .text.LL_TIM_SetRepetitionCounter
                0x00000000080013a4       0x1a Drivers/STM32F1xx_HAL_Driver/Src/stm32f1xx_ll_tim.o
 .text.LL_TIM_GenerateEvent_UPDATE
                0x00000000080013be       0x1e Drivers/STM32F1xx_HAL_Driver/Src/stm32f1xx_ll_tim.o
 .text.LL_TIM_Init
                0x00000000080013dc       0xbc Drivers/STM32F1xx_HAL_Driver/Src/stm32f1xx_ll_tim.o
                0x00000000080013dc                LL_TIM_Init
 .text.LL_InitTick
                0x0000000008001498       0x34 Drivers/STM32F1xx_HAL_Driver/Src/stm32f1xx_ll_utils.o
 .text.LL_Init1msTick
                0x00000000080014cc       0x1a Drivers/STM32F1xx_HAL_Driver/Src/stm32f1xx_ll_utils.o
                0x00000000080014cc                LL_Init1msTick
 *fill*         0x00000000080014e6        0x2 
 .text.LL_mDelay
                0x00000000080014e8       0x48 Drivers/STM32F1xx_HAL_Driver/Src/stm32f1xx_ll_utils.o
                0x00000000080014e8                LL_mDelay
 .text.LL_SetSystemCoreClock
                0x0000000008001530       0x1c Drivers/STM32F1xx_HAL_Driver/Src/stm32f1xx_ll_utils.o
                0x0000000008001530                LL_SetSystemCoreClock
 .text.__libc_init_array
                0x000000000800154c       0x48 c:/st/stm32cubeide_1.3.0/stm32cubeide/plugins/com.st.stm32cube.ide.mcu.externaltools.gnu-tools-for-stm32.7-2018-q2-update.win32_1.0.0.201904181610/tools/bin/../lib/gcc/arm-none-eabi/7.3.1/../../../../arm-none-eabi/lib/thumb/v7-m\libc_nano.a(lib_a-init.o)
                0x000000000800154c                __libc_init_array
 *(.glue_7)
 .glue_7        0x0000000008001594        0x0 linker stubs
 *(.glue_7t)
 .glue_7t       0x0000000008001594        0x0 linker stubs
 *(.eh_frame)
 .eh_frame      0x0000000008001594        0x0 c:/st/stm32cubeide_1.3.0/stm32cubeide/plugins/com.st.stm32cube.ide.mcu.externaltools.gnu-tools-for-stm32.7-2018-q2-update.win32_1.0.0.201904181610/tools/bin/../lib/gcc/arm-none-eabi/7.3.1/thumb/v7-m/crtbegin.o
 *(.init)
 .init          0x0000000008001594        0x4 c:/st/stm32cubeide_1.3.0/stm32cubeide/plugins/com.st.stm32cube.ide.mcu.externaltools.gnu-tools-for-stm32.7-2018-q2-update.win32_1.0.0.201904181610/tools/bin/../lib/gcc/arm-none-eabi/7.3.1/thumb/v7-m/crti.o
                0x0000000008001594                _init
 .init          0x0000000008001598        0x8 c:/st/stm32cubeide_1.3.0/stm32cubeide/plugins/com.st.stm32cube.ide.mcu.externaltools.gnu-tools-for-stm32.7-2018-q2-update.win32_1.0.0.201904181610/tools/bin/../lib/gcc/arm-none-eabi/7.3.1/thumb/v7-m/crtn.o
 *(.fini)
 .fini          0x00000000080015a0        0x4 c:/st/stm32cubeide_1.3.0/stm32cubeide/plugins/com.st.stm32cube.ide.mcu.externaltools.gnu-tools-for-stm32.7-2018-q2-update.win32_1.0.0.201904181610/tools/bin/../lib/gcc/arm-none-eabi/7.3.1/thumb/v7-m/crti.o
                0x00000000080015a0                _fini
 .fini          0x00000000080015a4        0x8 c:/st/stm32cubeide_1.3.0/stm32cubeide/plugins/com.st.stm32cube.ide.mcu.externaltools.gnu-tools-for-stm32.7-2018-q2-update.win32_1.0.0.201904181610/tools/bin/../lib/gcc/arm-none-eabi/7.3.1/thumb/v7-m/crtn.o
                0x00000000080015ac                . = ALIGN (0x4)
                0x00000000080015ac                _etext = .

.vfp11_veneer   0x00000000080015ac        0x0
 .vfp11_veneer  0x00000000080015ac        0x0 linker stubs

.v4_bx          0x00000000080015ac        0x0
 .v4_bx         0x00000000080015ac        0x0 linker stubs

.iplt           0x00000000080015ac        0x0
 .iplt          0x00000000080015ac        0x0 c:/st/stm32cubeide_1.3.0/stm32cubeide/plugins/com.st.stm32cube.ide.mcu.externaltools.gnu-tools-for-stm32.7-2018-q2-update.win32_1.0.0.201904181610/tools/bin/../lib/gcc/arm-none-eabi/7.3.1/thumb/v7-m/crtbegin.o

.rodata         0x00000000080015ac       0x28
                0x00000000080015ac                . = ALIGN (0x4)
 *(.rodata)
 .rodata        0x00000000080015ac        0xf Core/Src/main.o
 *(.rodata*)
 *fill*         0x00000000080015bb        0x1 
 .rodata.AHBPrescTable
                0x00000000080015bc       0x10 Core/Src/system_stm32f1xx.o
                0x00000000080015bc                AHBPrescTable
 .rodata.APBPrescTable
                0x00000000080015cc        0x8 Core/Src/system_stm32f1xx.o
                0x00000000080015cc                APBPrescTable
                0x00000000080015d4                . = ALIGN (0x4)

.rel.dyn        0x00000000080015d4        0x0
 .rel.iplt      0x00000000080015d4        0x0 c:/st/stm32cubeide_1.3.0/stm32cubeide/plugins/com.st.stm32cube.ide.mcu.externaltools.gnu-tools-for-stm32.7-2018-q2-update.win32_1.0.0.201904181610/tools/bin/../lib/gcc/arm-none-eabi/7.3.1/thumb/v7-m/crtbegin.o

.ARM.extab      0x00000000080015d4        0x0
                0x00000000080015d4                . = ALIGN (0x4)
 *(.ARM.extab* .gnu.linkonce.armextab.*)
                0x00000000080015d4                . = ALIGN (0x4)

.ARM            0x00000000080015d4        0x0
                0x00000000080015d4                . = ALIGN (0x4)
                0x00000000080015d4                __exidx_start = .
 *(.ARM.exidx*)
                0x00000000080015d4                __exidx_end = .
                0x00000000080015d4                . = ALIGN (0x4)

.preinit_array  0x00000000080015d4        0x0
                0x00000000080015d4                . = ALIGN (0x4)
                0x00000000080015d4                PROVIDE (__preinit_array_start = .)
 *(.preinit_array*)
                0x00000000080015d4                PROVIDE (__preinit_array_end = .)
                0x00000000080015d4                . = ALIGN (0x4)

.init_array     0x00000000080015d4        0x4
                0x00000000080015d4                . = ALIGN (0x4)
                0x00000000080015d4                PROVIDE (__init_array_start = .)
 *(SORT_BY_NAME(.init_array.*))
 *(.init_array*)
 .init_array    0x00000000080015d4        0x4 c:/st/stm32cubeide_1.3.0/stm32cubeide/plugins/com.st.stm32cube.ide.mcu.externaltools.gnu-tools-for-stm32.7-2018-q2-update.win32_1.0.0.201904181610/tools/bin/../lib/gcc/arm-none-eabi/7.3.1/thumb/v7-m/crtbegin.o
                0x00000000080015d8                PROVIDE (__init_array_end = .)
                0x00000000080015d8                . = ALIGN (0x4)

.fini_array     0x00000000080015d8        0x4
                0x00000000080015d8                . = ALIGN (0x4)
                [!provide]                        PROVIDE (__fini_array_start = .)
 *(SORT_BY_NAME(.fini_array.*))
 *(.fini_array*)
 .fini_array    0x00000000080015d8        0x4 c:/st/stm32cubeide_1.3.0/stm32cubeide/plugins/com.st.stm32cube.ide.mcu.externaltools.gnu-tools-for-stm32.7-2018-q2-update.win32_1.0.0.201904181610/tools/bin/../lib/gcc/arm-none-eabi/7.3.1/thumb/v7-m/crtbegin.o
                [!provide]                        PROVIDE (__fini_array_end = .)
                0x00000000080015dc                . = ALIGN (0x4)
                0x00000000080015dc                _sidata = LOADADDR (.data)

.data           0x0000000020000000        0x4 load address 0x00000000080015dc
                0x0000000020000000                . = ALIGN (0x4)
                0x0000000020000000                _sdata = .
 *(.data)
 *(.data*)
 .data.SystemCoreClock
                0x0000000020000000        0x4 Core/Src/system_stm32f1xx.o
                0x0000000020000000                SystemCoreClock
                0x0000000020000004                . = ALIGN (0x4)
                0x0000000020000004                _edata = .

.igot.plt       0x0000000020000004        0x0 load address 0x00000000080015e0
 .igot.plt      0x0000000020000004        0x0 c:/st/stm32cubeide_1.3.0/stm32cubeide/plugins/com.st.stm32cube.ide.mcu.externaltools.gnu-tools-for-stm32.7-2018-q2-update.win32_1.0.0.201904181610/tools/bin/../lib/gcc/arm-none-eabi/7.3.1/thumb/v7-m/crtbegin.o
                0x0000000020000004                . = ALIGN (0x4)

.bss            0x0000000020000004       0x20 load address 0x00000000080015e0
                0x0000000020000004                _sbss = .
                0x0000000020000004                __bss_start__ = _sbss
 *(.bss)
 .bss           0x0000000020000004       0x1c c:/st/stm32cubeide_1.3.0/stm32cubeide/plugins/com.st.stm32cube.ide.mcu.externaltools.gnu-tools-for-stm32.7-2018-q2-update.win32_1.0.0.201904181610/tools/bin/../lib/gcc/arm-none-eabi/7.3.1/thumb/v7-m/crtbegin.o
 *(.bss*)
 .bss.vBitMask  0x0000000020000020        0x1 Core/Src/user_lsd_2004.o
                0x0000000020000020                vBitMask
 *(COMMON)
                0x0000000020000024                . = ALIGN (0x4)
 *fill*         0x0000000020000021        0x3 
                0x0000000020000024                _ebss = .
                0x0000000020000024                __bss_end__ = _ebss

._user_heap_stack
                0x0000000020000024      0x604 load address 0x00000000080015e0
                0x0000000020000028                . = ALIGN (0x8)
 *fill*         0x0000000020000024        0x4 
                0x0000000020000028                PROVIDE (end = .)
                [!provide]                        PROVIDE (_end = .)
                0x0000000020000228                . = (. + _Min_Heap_Size)
 *fill*         0x0000000020000028      0x200 
                0x0000000020000628                . = (. + _Min_Stack_Size)
 *fill*         0x0000000020000228      0x400 
                0x0000000020000628                . = ALIGN (0x8)

/DISCARD/
 libc.a(*)
 libm.a(*)
 libgcc.a(*)

.ARM.attributes
                0x0000000000000000       0x29
 *(.ARM.attributes)
 .ARM.attributes
                0x0000000000000000       0x1d c:/st/stm32cubeide_1.3.0/stm32cubeide/plugins/com.st.stm32cube.ide.mcu.externaltools.gnu-tools-for-stm32.7-2018-q2-update.win32_1.0.0.201904181610/tools/bin/../lib/gcc/arm-none-eabi/7.3.1/thumb/v7-m/crti.o
 .ARM.attributes
                0x000000000000001d       0x2d c:/st/stm32cubeide_1.3.0/stm32cubeide/plugins/com.st.stm32cube.ide.mcu.externaltools.gnu-tools-for-stm32.7-2018-q2-update.win32_1.0.0.201904181610/tools/bin/../lib/gcc/arm-none-eabi/7.3.1/thumb/v7-m/crtbegin.o
 .ARM.attributes
                0x000000000000004a       0x33 Core/Src/gpio.o
 .ARM.attributes
                0x000000000000007d       0x33 Core/Src/i2c.o
 .ARM.attributes
                0x00000000000000b0       0x33 Core/Src/main.o
 .ARM.attributes
                0x00000000000000e3       0x33 Core/Src/stm32f1xx_it.o
 .ARM.attributes
                0x0000000000000116       0x33 Core/Src/system_stm32f1xx.o
 .ARM.attributes
                0x0000000000000149       0x33 Core/Src/tim.o
 .ARM.attributes
                0x000000000000017c       0x33 Core/Src/user_lsd_2004.o
 .ARM.attributes
                0x00000000000001af       0x21 Core/Startup/startup_stm32f103rbtx.o
 .ARM.attributes
                0x00000000000001d0       0x33 Drivers/STM32F1xx_HAL_Driver/Src/stm32f1xx_ll_gpio.o
 .ARM.attributes
                0x0000000000000203       0x33 Drivers/STM32F1xx_HAL_Driver/Src/stm32f1xx_ll_i2c.o
 .ARM.attributes
                0x0000000000000236       0x33 Drivers/STM32F1xx_HAL_Driver/Src/stm32f1xx_ll_rcc.o
 .ARM.attributes
                0x0000000000000269       0x33 Drivers/STM32F1xx_HAL_Driver/Src/stm32f1xx_ll_tim.o
 .ARM.attributes
                0x000000000000029c       0x33 Drivers/STM32F1xx_HAL_Driver/Src/stm32f1xx_ll_utils.o
 .ARM.attributes
                0x00000000000002cf       0x2d c:/st/stm32cubeide_1.3.0/stm32cubeide/plugins/com.st.stm32cube.ide.mcu.externaltools.gnu-tools-for-stm32.7-2018-q2-update.win32_1.0.0.201904181610/tools/bin/../lib/gcc/arm-none-eabi/7.3.1/../../../../arm-none-eabi/lib/thumb/v7-m\libc_nano.a(lib_a-init.o)
 .ARM.attributes
                0x00000000000002fc       0x1d c:/st/stm32cubeide_1.3.0/stm32cubeide/plugins/com.st.stm32cube.ide.mcu.externaltools.gnu-tools-for-stm32.7-2018-q2-update.win32_1.0.0.201904181610/tools/bin/../lib/gcc/arm-none-eabi/7.3.1/thumb/v7-m/crtn.o
OUTPUT(STM32F103RBt_Tamplate.elf elf32-littlearm)

.debug_info     0x0000000000000000     0x4860
 .debug_info    0x0000000000000000      0x37b Core/Src/gpio.o
 .debug_info    0x000000000000037b      0x6bf Core/Src/i2c.o
 .debug_info    0x0000000000000a3a      0x760 Core/Src/main.o
 .debug_info    0x000000000000119a      0x227 Core/Src/stm32f1xx_it.o
 .debug_info    0x00000000000013c1      0x3e5 Core/Src/system_stm32f1xx.o
 .debug_info    0x00000000000017a6      0x50c Core/Src/tim.o
 .debug_info    0x0000000000001cb2      0x4c3 Core/Src/user_lsd_2004.o
 .debug_info    0x0000000000002175       0x22 Core/Startup/startup_stm32f103rbtx.o
 .debug_info    0x0000000000002197      0x670 Drivers/STM32F1xx_HAL_Driver/Src/stm32f1xx_ll_gpio.o
 .debug_info    0x0000000000002807      0x559 Drivers/STM32F1xx_HAL_Driver/Src/stm32f1xx_ll_i2c.o
 .debug_info    0x0000000000002d60      0x591 Drivers/STM32F1xx_HAL_Driver/Src/stm32f1xx_ll_rcc.o
 .debug_info    0x00000000000032f1      0xdfa Drivers/STM32F1xx_HAL_Driver/Src/stm32f1xx_ll_tim.o
 .debug_info    0x00000000000040eb      0x775 Drivers/STM32F1xx_HAL_Driver/Src/stm32f1xx_ll_utils.o

.debug_abbrev   0x0000000000000000     0x1321
 .debug_abbrev  0x0000000000000000      0x15d Core/Src/gpio.o
 .debug_abbrev  0x000000000000015d      0x195 Core/Src/i2c.o
 .debug_abbrev  0x00000000000002f2      0x198 Core/Src/main.o
 .debug_abbrev  0x000000000000048a       0xa3 Core/Src/stm32f1xx_it.o
 .debug_abbrev  0x000000000000052d      0x134 Core/Src/system_stm32f1xx.o
 .debug_abbrev  0x0000000000000661      0x166 Core/Src/tim.o
 .debug_abbrev  0x00000000000007c7      0x145 Core/Src/user_lsd_2004.o
 .debug_abbrev  0x000000000000090c       0x12 Core/Startup/startup_stm32f103rbtx.o
 .debug_abbrev  0x000000000000091e      0x210 Drivers/STM32F1xx_HAL_Driver/Src/stm32f1xx_ll_gpio.o
 .debug_abbrev  0x0000000000000b2e      0x193 Drivers/STM32F1xx_HAL_Driver/Src/stm32f1xx_ll_i2c.o
 .debug_abbrev  0x0000000000000cc1      0x250 Drivers/STM32F1xx_HAL_Driver/Src/stm32f1xx_ll_rcc.o
 .debug_abbrev  0x0000000000000f11      0x1ff Drivers/STM32F1xx_HAL_Driver/Src/stm32f1xx_ll_tim.o
 .debug_abbrev  0x0000000000001110      0x211 Drivers/STM32F1xx_HAL_Driver/Src/stm32f1xx_ll_utils.o

.debug_aranges  0x0000000000000000      0x6a8
 .debug_aranges
                0x0000000000000000       0x30 Core/Src/gpio.o
 .debug_aranges
                0x0000000000000030       0x98 Core/Src/i2c.o
 .debug_aranges
                0x00000000000000c8       0xb8 Core/Src/main.o
 .debug_aranges
                0x0000000000000180       0x60 Core/Src/stm32f1xx_it.o
 .debug_aranges
                0x00000000000001e0       0x28 Core/Src/system_stm32f1xx.o
 .debug_aranges
                0x0000000000000208       0x58 Core/Src/tim.o
 .debug_aranges
                0x0000000000000260       0x60 Core/Src/user_lsd_2004.o
 .debug_aranges
                0x00000000000002c0       0x28 Core/Startup/startup_stm32f103rbtx.o
 .debug_aranges
                0x00000000000002e8       0x60 Drivers/STM32F1xx_HAL_Driver/Src/stm32f1xx_ll_gpio.o
 .debug_aranges
                0x0000000000000348       0x70 Drivers/STM32F1xx_HAL_Driver/Src/stm32f1xx_ll_i2c.o
 .debug_aranges
                0x00000000000003b8       0xd8 Drivers/STM32F1xx_HAL_Driver/Src/stm32f1xx_ll_rcc.o
 .debug_aranges
                0x0000000000000490      0x128 Drivers/STM32F1xx_HAL_Driver/Src/stm32f1xx_ll_tim.o
 .debug_aranges
                0x00000000000005b8       0xf0 Drivers/STM32F1xx_HAL_Driver/Src/stm32f1xx_ll_utils.o

.debug_ranges   0x0000000000000000      0x5e0
 .debug_ranges  0x0000000000000000       0x20 Core/Src/gpio.o
 .debug_ranges  0x0000000000000020       0x88 Core/Src/i2c.o
 .debug_ranges  0x00000000000000a8       0xa8 Core/Src/main.o
 .debug_ranges  0x0000000000000150       0x50 Core/Src/stm32f1xx_it.o
 .debug_ranges  0x00000000000001a0       0x18 Core/Src/system_stm32f1xx.o
 .debug_ranges  0x00000000000001b8       0x48 Core/Src/tim.o
 .debug_ranges  0x0000000000000200       0x50 Core/Src/user_lsd_2004.o
 .debug_ranges  0x0000000000000250       0x20 Core/Startup/startup_stm32f103rbtx.o
 .debug_ranges  0x0000000000000270       0x50 Drivers/STM32F1xx_HAL_Driver/Src/stm32f1xx_ll_gpio.o
 .debug_ranges  0x00000000000002c0       0x60 Drivers/STM32F1xx_HAL_Driver/Src/stm32f1xx_ll_i2c.o
 .debug_ranges  0x0000000000000320       0xc8 Drivers/STM32F1xx_HAL_Driver/Src/stm32f1xx_ll_rcc.o
 .debug_ranges  0x00000000000003e8      0x118 Drivers/STM32F1xx_HAL_Driver/Src/stm32f1xx_ll_tim.o
 .debug_ranges  0x0000000000000500       0xe0 Drivers/STM32F1xx_HAL_Driver/Src/stm32f1xx_ll_utils.o

.debug_macro    0x0000000000000000    0x12979
 .debug_macro   0x0000000000000000      0x13e Core/Src/gpio.o
 .debug_macro   0x000000000000013e      0xa8a Core/Src/gpio.o
 .debug_macro   0x0000000000000bc8       0x2e Core/Src/gpio.o
 .debug_macro   0x0000000000000bf6       0x22 Core/Src/gpio.o
 .debug_macro   0x0000000000000c18       0x22 Core/Src/gpio.o
 .debug_macro   0x0000000000000c3a       0x8e Core/Src/gpio.o
 .debug_macro   0x0000000000000cc8       0x51 Core/Src/gpio.o
 .debug_macro   0x0000000000000d19       0xef Core/Src/gpio.o
 .debug_macro   0x0000000000000e08       0x6a Core/Src/gpio.o
 .debug_macro   0x0000000000000e72      0x1df Core/Src/gpio.o
 .debug_macro   0x0000000000001051       0x1c Core/Src/gpio.o
 .debug_macro   0x000000000000106d       0x22 Core/Src/gpio.o
 .debug_macro   0x000000000000108f       0xc3 Core/Src/gpio.o
 .debug_macro   0x0000000000001152      0xd23 Core/Src/gpio.o
 .debug_macro   0x0000000000001e75     0xe09e Core/Src/gpio.o
 .debug_macro   0x000000000000ff13       0x43 Core/Src/gpio.o
 .debug_macro   0x000000000000ff56      0x15e Core/Src/gpio.o
 .debug_macro   0x00000000000100b4      0x2be Core/Src/gpio.o
 .debug_macro   0x0000000000010372       0xd7 Core/Src/gpio.o
 .debug_macro   0x0000000000010449       0x74 Core/Src/gpio.o
 .debug_macro   0x00000000000104bd       0xd0 Core/Src/gpio.o
 .debug_macro   0x000000000001058d       0x28 Core/Src/gpio.o
 .debug_macro   0x00000000000105b5       0x2a Core/Src/gpio.o
 .debug_macro   0x00000000000105df       0x90 Core/Src/gpio.o
 .debug_macro   0x000000000001066f      0x287 Core/Src/gpio.o
 .debug_macro   0x00000000000108f6      0x57a Core/Src/gpio.o
 .debug_macro   0x0000000000010e70      0x22a Core/Src/gpio.o
 .debug_macro   0x000000000001109a       0x2e Core/Src/gpio.o
 .debug_macro   0x00000000000110c8      0x143 Core/Src/i2c.o
 .debug_macro   0x000000000001120b       0x10 Core/Src/i2c.o
 .debug_macro   0x000000000001121b      0x16e Core/Src/main.o
 .debug_macro   0x0000000000011389       0x2e Core/Src/main.o
 .debug_macro   0x00000000000113b7      0x13e Core/Src/stm32f1xx_it.o
 .debug_macro   0x00000000000114f5       0xc2 Core/Src/system_stm32f1xx.o
 .debug_macro   0x00000000000115b7      0x13e Core/Src/tim.o
 .debug_macro   0x00000000000116f5      0x156 Core/Src/user_lsd_2004.o
 .debug_macro   0x000000000001184b       0x24 Core/Src/user_lsd_2004.o
 .debug_macro   0x000000000001186f      0x164 Core/Src/user_lsd_2004.o
 .debug_macro   0x00000000000119d3       0xf8 Drivers/STM32F1xx_HAL_Driver/Src/stm32f1xx_ll_gpio.o
 .debug_macro   0x0000000000011acb      0x224 Drivers/STM32F1xx_HAL_Driver/Src/stm32f1xx_ll_gpio.o
 .debug_macro   0x0000000000011cef      0x107 Drivers/STM32F1xx_HAL_Driver/Src/stm32f1xx_ll_i2c.o
 .debug_macro   0x0000000000011df6       0xdd Drivers/STM32F1xx_HAL_Driver/Src/stm32f1xx_ll_rcc.o
 .debug_macro   0x0000000000011ed3      0x2b8 Drivers/STM32F1xx_HAL_Driver/Src/stm32f1xx_ll_rcc.o
 .debug_macro   0x000000000001218b      0x147 Drivers/STM32F1xx_HAL_Driver/Src/stm32f1xx_ll_tim.o
 .debug_macro   0x00000000000122d2      0x574 Drivers/STM32F1xx_HAL_Driver/Src/stm32f1xx_ll_tim.o
 .debug_macro   0x0000000000012846      0x133 Drivers/STM32F1xx_HAL_Driver/Src/stm32f1xx_ll_utils.o

.debug_line     0x0000000000000000     0x4ddf
 .debug_line    0x0000000000000000      0x5b6 Core/Src/gpio.o
 .debug_line    0x00000000000005b6      0x6ce Core/Src/i2c.o
 .debug_line    0x0000000000000c84      0x764 Core/Src/main.o
 .debug_line    0x00000000000013e8      0x62b Core/Src/stm32f1xx_it.o
 .debug_line    0x0000000000001a13      0x48d Core/Src/system_stm32f1xx.o
 .debug_line    0x0000000000001ea0      0x61a Core/Src/tim.o
 .debug_line    0x00000000000024ba      0x65f Core/Src/user_lsd_2004.o
 .debug_line    0x0000000000002b19       0x84 Core/Startup/startup_stm32f103rbtx.o
 .debug_line    0x0000000000002b9d      0x600 Drivers/STM32F1xx_HAL_Driver/Src/stm32f1xx_ll_gpio.o
 .debug_line    0x000000000000319d      0x611 Drivers/STM32F1xx_HAL_Driver/Src/stm32f1xx_ll_i2c.o
 .debug_line    0x00000000000037ae      0x6ae Drivers/STM32F1xx_HAL_Driver/Src/stm32f1xx_ll_rcc.o
 .debug_line    0x0000000000003e5c      0x85a Drivers/STM32F1xx_HAL_Driver/Src/stm32f1xx_ll_tim.o
 .debug_line    0x00000000000046b6      0x729 Drivers/STM32F1xx_HAL_Driver/Src/stm32f1xx_ll_utils.o

.debug_str      0x0000000000000000    0x5f0d7
 .debug_str     0x0000000000000000    0x5bfbf Core/Src/gpio.o
                                      0x5c21c (size before relaxing)
 .debug_str     0x000000000005bfbf      0x23f Core/Src/i2c.o
                                      0x5c429 (size before relaxing)
 .debug_str     0x000000000005c1fe      0x325 Core/Src/main.o
                                      0x5c52e (size before relaxing)
 .debug_str     0x000000000005c523       0xbd Core/Src/stm32f1xx_it.o
                                      0x5c1cd (size before relaxing)
 .debug_str     0x000000000005c5e0       0x74 Core/Src/system_stm32f1xx.o
                                      0x54304 (size before relaxing)
 .debug_str     0x000000000005c654      0x15b Core/Src/tim.o
                                      0x5c319 (size before relaxing)
 .debug_str     0x000000000005c7af       0xb6 Core/Src/user_lsd_2004.o
                                      0x5c34c (size before relaxing)
 .debug_str     0x000000000005c865       0x36 Core/Startup/startup_stm32f103rbtx.o
                                         0x6b (size before relaxing)
 .debug_str     0x000000000005c89b      0x42c Drivers/STM32F1xx_HAL_Driver/Src/stm32f1xx_ll_gpio.o
                                      0x55bf9 (size before relaxing)
 .debug_str     0x000000000005ccc7      0x42a Drivers/STM32F1xx_HAL_Driver/Src/stm32f1xx_ll_i2c.o
                                      0x56993 (size before relaxing)
 .debug_str     0x000000000005d0f1      0x313 Drivers/STM32F1xx_HAL_Driver/Src/stm32f1xx_ll_rcc.o
                                      0x55764 (size before relaxing)
 .debug_str     0x000000000005d404     0x1299 Drivers/STM32F1xx_HAL_Driver/Src/stm32f1xx_ll_tim.o
                                      0x5893e (size before relaxing)
 .debug_str     0x000000000005e69d      0xa3a Drivers/STM32F1xx_HAL_Driver/Src/stm32f1xx_ll_utils.o
                                      0x563f2 (size before relaxing)

.comment        0x0000000000000000       0x7b
 .comment       0x0000000000000000       0x7b Core/Src/gpio.o
                                         0x7c (size before relaxing)
 .comment       0x000000000000007b       0x7c Core/Src/i2c.o
 .comment       0x000000000000007b       0x7c Core/Src/main.o
 .comment       0x000000000000007b       0x7c Core/Src/stm32f1xx_it.o
 .comment       0x000000000000007b       0x7c Core/Src/system_stm32f1xx.o
 .comment       0x000000000000007b       0x7c Core/Src/tim.o
 .comment       0x000000000000007b       0x7c Core/Src/user_lsd_2004.o
 .comment       0x000000000000007b       0x7c Drivers/STM32F1xx_HAL_Driver/Src/stm32f1xx_ll_gpio.o
 .comment       0x000000000000007b       0x7c Drivers/STM32F1xx_HAL_Driver/Src/stm32f1xx_ll_i2c.o
 .comment       0x000000000000007b       0x7c Drivers/STM32F1xx_HAL_Driver/Src/stm32f1xx_ll_rcc.o
 .comment       0x000000000000007b       0x7c Drivers/STM32F1xx_HAL_Driver/Src/stm32f1xx_ll_tim.o
 .comment       0x000000000000007b       0x7c Drivers/STM32F1xx_HAL_Driver/Src/stm32f1xx_ll_utils.o

.debug_frame    0x0000000000000000     0x1994
 .debug_frame   0x0000000000000000       0x84 Core/Src/gpio.o
 .debug_frame   0x0000000000000084      0x288 Core/Src/i2c.o
 .debug_frame   0x000000000000030c      0x2d4 Core/Src/main.o
 .debug_frame   0x00000000000005e0      0x110 Core/Src/stm32f1xx_it.o
 .debug_frame   0x00000000000006f0       0x58 Core/Src/system_stm32f1xx.o
 .debug_frame   0x0000000000000748      0x144 Core/Src/tim.o
 .debug_frame   0x000000000000088c      0x148 Core/Src/user_lsd_2004.o
 .debug_frame   0x00000000000009d4      0x170 Drivers/STM32F1xx_HAL_Driver/Src/stm32f1xx_ll_gpio.o
 .debug_frame   0x0000000000000b44      0x1c4 Drivers/STM32F1xx_HAL_Driver/Src/stm32f1xx_ll_i2c.o
 .debug_frame   0x0000000000000d08      0x34c Drivers/STM32F1xx_HAL_Driver/Src/stm32f1xx_ll_rcc.o
 .debug_frame   0x0000000000001054      0x538 Drivers/STM32F1xx_HAL_Driver/Src/stm32f1xx_ll_tim.o
 .debug_frame   0x000000000000158c      0x3dc Drivers/STM32F1xx_HAL_Driver/Src/stm32f1xx_ll_utils.o
 .debug_frame   0x0000000000001968       0x2c c:/st/stm32cubeide_1.3.0/stm32cubeide/plugins/com.st.stm32cube.ide.mcu.externaltools.gnu-tools-for-stm32.7-2018-q2-update.win32_1.0.0.201904181610/tools/bin/../lib/gcc/arm-none-eabi/7.3.1/../../../../arm-none-eabi/lib/thumb/v7-m\libc_nano.a(lib_a-init.o)
